// Jest Snapshot v1, https://goo.gl/fbAQLP

exports[`initializes sign in with the default values 1`] = `
Object {
  "accessToken": "",
}
`;
