// Jest Snapshot v1, https://goo.gl/fbAQLP

exports[`<App /> renders DOM for app 1`] = `
<h1>
  BitBrew Console
</h1>
`;
