// Jest Snapshot v1, https://goo.gl/fbAQLP

exports[`initializes the store with the default values 1`] = `
Object {
  "storageKey": "bitbrew-console",
  "token": null,
}
`;
