// Jest Snapshot v1, https://goo.gl/fbAQLP

exports[`renders DOM for the sign in page 1`] = `
<UNDEFINED>
  <styled.header>
    <styled.div>
      <styled.svg />
    </styled.div>
  </styled.header>
  <styled.main>
    <SignInForm
      signIn={[MockFunction]}
    />
    <styled.p>
      Not a BitBrew customer yet?Â 
      <styled.a
        href="mailto:hello@bitbrew.com"
      >
        Contact us
      </styled.a>
      .
    </styled.p>
  </styled.main>
  <Footer />
</UNDEFINED>
`;
