// Jest Snapshot v1, https://goo.gl/fbAQLP

exports[`renders DOM for some content 1`] = `
.c0 {
  -webkit-flex: 1 0 auto;
  -ms-flex: 1 0 auto;
  flex: 1 0 auto;
}

<main
  className="c0"
/>
`;
