// Jest Snapshot v1, https://goo.gl/fbAQLP

exports[`renders DOM for a header 1`] = `
.c0 {
  padding-bottom: var(--size-32);
  padding-top: var(--size-32);
}

<header
  className="c0"
/>
`;
