// Jest Snapshot v1, https://goo.gl/fbAQLP

exports[`renders DOM shared by all logos 1`] = `
.c0 {
  display: block;
  height: var(--size-40);
  width: auto;
}

<svg
  className="c0"
/>
`;

exports[`renders DOM specific to the logomark 1`] = `
Diff:
Compared values have no visual difference.
`;

exports[`renders DOM specific to the logotype 1`] = `
Diff:
Compared values have no visual difference.
`;
